{
  "aBool": true,
  "aString": "Hello world!",
  "anInt": 5
}